Performing C SOURCE FILE Test HAVE_SSE failed with the following output:
Change Dir: '/home/pi/srsRAN_4G/build/CMakeFiles/CMakeTmp'

Run Build Command(s): /usr/bin/cmake -E env VERBOSE=1 /usr/bin/gmake -f Makefile cmTC_cf27a/fast
/usr/bin/gmake  -f CMakeFiles/cmTC_cf27a.dir/build.make CMakeFiles/cmTC_cf27a.dir/build
gmake[1]: Entering directory '/home/pi/srsRAN_4G/build/CMakeFiles/CMakeTmp'
Building C object CMakeFiles/cmTC_cf27a.dir/src.c.o
/usr/bin/cc   -DHAVE_SSE -msse4.1 -o CMakeFiles/cmTC_cf27a.dir/src.c.o -c /home/pi/srsRAN_4G/build/CMakeFiles/CMakeTmp/src.c
cc: error: unrecognized command-line option '-msse4.1'
gmake[1]: *** [CMakeFiles/cmTC_cf27a.dir/build.make:81: CMakeFiles/cmTC_cf27a.dir/src.c.o] Error 1
gmake[1]: Leaving directory '/home/pi/srsRAN_4G/build/CMakeFiles/CMakeTmp'
gmake: *** [Makefile:134: cmTC_cf27a/fast] Error 2


Return value: 1
Source file was:

        #include <emmintrin.h>
        #include <smmintrin.h>

        int main()
        {
        __m128i a = _mm_setzero_si128();
        __m128i b = _mm_minpos_epu16(a);
        return 0;
        }
Performing C SOURCE FILE Test HAVE_AVX failed with the following output:
Change Dir: '/home/pi/srsRAN_4G/build/CMakeFiles/CMakeTmp'

Run Build Command(s): /usr/bin/cmake -E env VERBOSE=1 /usr/bin/gmake -f Makefile cmTC_ccf3e/fast
/usr/bin/gmake  -f CMakeFiles/cmTC_ccf3e.dir/build.make CMakeFiles/cmTC_ccf3e.dir/build
gmake[1]: Entering directory '/home/pi/srsRAN_4G/build/CMakeFiles/CMakeTmp'
Building C object CMakeFiles/cmTC_ccf3e.dir/src.c.o
/usr/bin/cc   -DHAVE_AVX -mavx -o CMakeFiles/cmTC_ccf3e.dir/src.c.o -c /home/pi/srsRAN_4G/build/CMakeFiles/CMakeTmp/src.c
cc: error: unrecognized command-line option '-mavx'
gmake[1]: *** [CMakeFiles/cmTC_ccf3e.dir/build.make:81: CMakeFiles/cmTC_ccf3e.dir/src.c.o] Error 1
gmake[1]: Leaving directory '/home/pi/srsRAN_4G/build/CMakeFiles/CMakeTmp'
gmake: *** [Makefile:134: cmTC_ccf3e/fast] Error 2


Return value: 1
Source file was:

            #include <immintrin.h>
            int main()
            {
              __m256 a, b, c;
              const float src[8] = { 1.0f, 2.0f, 3.0f, 4.0f, 5.0f, 6.0f, 7.0f, 8.0f };
              float dst[8];
              a = _mm256_loadu_ps( src );
              b = _mm256_loadu_ps( src );
              c = _mm256_add_ps( a, b );
              _mm256_storeu_ps( dst, c );
              int i = 0;
              for( i = 0; i < 8; i++ ){
                if( ( src[i] + src[i] ) != dst[i] ){
                  return -1;
                }
              }
              return 0;
            }
Performing C SOURCE FILE Test HAVE_AVX2 failed with the following output:
Change Dir: '/home/pi/srsRAN_4G/build/CMakeFiles/CMakeTmp'

Run Build Command(s): /usr/bin/cmake -E env VERBOSE=1 /usr/bin/gmake -f Makefile cmTC_f2b15/fast
/usr/bin/gmake  -f CMakeFiles/cmTC_f2b15.dir/build.make CMakeFiles/cmTC_f2b15.dir/build
gmake[1]: Entering directory '/home/pi/srsRAN_4G/build/CMakeFiles/CMakeTmp'
Building C object CMakeFiles/cmTC_f2b15.dir/src.c.o
/usr/bin/cc   -DHAVE_AVX2 -mavx2 -o CMakeFiles/cmTC_f2b15.dir/src.c.o -c /home/pi/srsRAN_4G/build/CMakeFiles/CMakeTmp/src.c
cc: error: unrecognized command-line option '-mavx2'
gmake[1]: *** [CMakeFiles/cmTC_f2b15.dir/build.make:81: CMakeFiles/cmTC_f2b15.dir/src.c.o] Error 1
gmake[1]: Leaving directory '/home/pi/srsRAN_4G/build/CMakeFiles/CMakeTmp'
gmake: *** [Makefile:134: cmTC_f2b15/fast] Error 2


Return value: 1
Source file was:

          #include <immintrin.h>
          int main()
          {
            __m256i a, b, c;
            const int src[8] = { 1, 2, 3, 4, 5, 6, 7, 8 };
            int dst[8];
            a =  _mm256_loadu_si256( (__m256i*)src );
            b =  _mm256_loadu_si256( (__m256i*)src );
            c = _mm256_add_epi32( a, b );
            _mm256_storeu_si256( (__m256i*)dst, c );
            int i = 0;
            for( i = 0; i < 8; i++ ){
              if( ( src[i] + src[i] ) != dst[i] ){
                return -1;
              }
            }
            return 0;
          }
Performing C SOURCE FILE Test HAVE_FMA failed with the following output:
Change Dir: '/home/pi/srsRAN_4G/build/CMakeFiles/CMakeTmp'

Run Build Command(s): /usr/bin/cmake -E env VERBOSE=1 /usr/bin/gmake -f Makefile cmTC_af73c/fast
/usr/bin/gmake  -f CMakeFiles/cmTC_af73c.dir/build.make CMakeFiles/cmTC_af73c.dir/build
gmake[1]: Entering directory '/home/pi/srsRAN_4G/build/CMakeFiles/CMakeTmp'
Building C object CMakeFiles/cmTC_af73c.dir/src.c.o
/usr/bin/cc   -DHAVE_FMA -mfma -o CMakeFiles/cmTC_af73c.dir/src.c.o -c /home/pi/srsRAN_4G/build/CMakeFiles/CMakeTmp/src.c
cc: error: unrecognized command-line option '-mfma'
gmake[1]: *** [CMakeFiles/cmTC_af73c.dir/build.make:81: CMakeFiles/cmTC_af73c.dir/src.c.o] Error 1
gmake[1]: Leaving directory '/home/pi/srsRAN_4G/build/CMakeFiles/CMakeTmp'
gmake: *** [Makefile:134: cmTC_af73c/fast] Error 2


Return value: 1
Source file was:

            #include <immintrin.h>
            int main()
            {
              __m256 a, b, c, r;
              const float src[8] = { 1.0f, 2.0f, 3.0f, 4.0f, 5.0f, 6.0f, 7.0f, 8.0f };
              float dst[8];
              a = _mm256_loadu_ps( src );
              b = _mm256_loadu_ps( src );
              c = _mm256_loadu_ps( src );
              r = _mm256_fmadd_ps( a, b, c );
              _mm256_storeu_ps( dst, r );
              int i = 0;
              for( i = 0; i < 8; i++ ){
                if( ( src[i] * src[i] + src[i] ) != dst[i] ){
                  return -1;
                }
              }
              return 0;
            }
Performing C SOURCE FILE Test HAVE_AVX512 failed with the following output:
Change Dir: '/home/pi/srsRAN_4G/build/CMakeFiles/CMakeTmp'

Run Build Command(s): /usr/bin/cmake -E env VERBOSE=1 /usr/bin/gmake -f Makefile cmTC_4eafc/fast
/usr/bin/gmake  -f CMakeFiles/cmTC_4eafc.dir/build.make CMakeFiles/cmTC_4eafc.dir/build
gmake[1]: Entering directory '/home/pi/srsRAN_4G/build/CMakeFiles/CMakeTmp'
Building C object CMakeFiles/cmTC_4eafc.dir/src.c.o
/usr/bin/cc   -DHAVE_AVX512 -mavx512f -mavx512cd -mavx512bw -mavx512dq -DLV_HAVE_AVX512 -o CMakeFiles/cmTC_4eafc.dir/src.c.o -c /home/pi/srsRAN_4G/build/CMakeFiles/CMakeTmp/src.c
cc: error: unrecognized command-line option '-mavx512f'
cc: error: unrecognized command-line option '-mavx512cd'
cc: error: unrecognized command-line option '-mavx512bw'
cc: error: unrecognized command-line option '-mavx512dq'
gmake[1]: *** [CMakeFiles/cmTC_4eafc.dir/build.make:81: CMakeFiles/cmTC_4eafc.dir/src.c.o] Error 1
gmake[1]: Leaving directory '/home/pi/srsRAN_4G/build/CMakeFiles/CMakeTmp'
gmake: *** [Makefile:134: cmTC_4eafc/fast] Error 2


Return value: 1
Source file was:

          #include <immintrin.h>
          int main()
          {
            __m512i a, b, c;
            const int src[16] = { 0x0, 0x1, 0x2, 0x3, 0x4, 0x5, 0x6, 0x7, 0x8 , 0x9, 0xA, 0xB, 0xC, 0xD, 0xE, 0xF};
            int dst[16];
            a =  _mm512_loadu_si512( (__m512i*)src );
            b =  _mm512_loadu_si512( (__m512i*)src );
            c = _mm512_add_epi32( a, b );
            _mm512_storeu_si512( (__m512i*)dst, c );
            int i = 0;
            for( i = 0; i < 16; i++ ){
              if( ( src[i] + src[i] ) != dst[i] ){
                return -1;
              }
            }
            return 0;
          }
